multiprocessing.pool.RemoteTraceback: 
"""
Traceback (most recent call last):
  File "/zhome/71/c/146676/miniconda3/envs/cil5/lib/python3.10/multiprocessing/pool.py", line 125, in worker
    result = (True, func(*args, **kwds))
  File "/zhome/71/c/146676/miniconda3/envs/cil5/lib/python3.10/multiprocessing/pool.py", line 48, in mapstar
    return list(map(*args))
  File "/zhome/71/c/146676/main/reconstructor_NA_fbp.py", line 239, in FBP_batch_recon
    roi = {'vertical':(batches[i],batches[i+1],skip)}
NameError: name 'Slicer' is not defined
"""

The above exception was the direct cause of the following exception:

Traceback (most recent call last):
  File "/zhome/71/c/146676/main/reconstructor_NA_fbp.py", line 257, in <module>
    
  File "/zhome/71/c/146676/miniconda3/envs/cil5/lib/python3.10/multiprocessing/pool.py", line 367, in map
    return self._map_async(func, iterable, mapstar, chunksize).get()
  File "/zhome/71/c/146676/miniconda3/envs/cil5/lib/python3.10/multiprocessing/pool.py", line 774, in get
    raise self._value
NameError: name 'Slicer' is not defined
multiprocessing.pool.RemoteTraceback: 
"""
Traceback (most recent call last):
  File "/zhome/71/c/146676/miniconda3/envs/cil5/lib/python3.10/multiprocessing/pool.py", line 125, in worker
    result = (True, func(*args, **kwds))
  File "/zhome/71/c/146676/miniconda3/envs/cil5/lib/python3.10/multiprocessing/pool.py", line 48, in mapstar
    return list(map(*args))
  File "/zhome/71/c/146676/main/reconstructor_NA_fbp.py", line 242, in FBP_batch_recon
    processor.set_input(data)
NameError: name 'data' is not defined
"""

The above exception was the direct cause of the following exception:

Traceback (most recent call last):
  File "/zhome/71/c/146676/main/reconstructor_NA_fbp.py", line 262, in <module>
    pool.map(FBP_batch_recon, range(len(batches)-1))
  File "/zhome/71/c/146676/miniconda3/envs/cil5/lib/python3.10/multiprocessing/pool.py", line 367, in map
    return self._map_async(func, iterable, mapstar, chunksize).get()
  File "/zhome/71/c/146676/miniconda3/envs/cil5/lib/python3.10/multiprocessing/pool.py", line 774, in get
    raise self._value
NameError: name 'data' is not defined
multiprocessing.pool.RemoteTraceback: 
"""
Traceback (most recent call last):
  File "/zhome/71/c/146676/miniconda3/envs/cil5/lib/python3.10/multiprocessing/pool.py", line 125, in worker
    result = (True, func(*args, **kwds))
  File "/zhome/71/c/146676/miniconda3/envs/cil5/lib/python3.10/multiprocessing/pool.py", line 48, in mapstar
    return list(map(*args))
  File "/zhome/71/c/146676/main/reconstructor_NA_fbp.py", line 245, in FBP_batch_recon
    ag_batch = data_sliced.geometry
NameError: name 'data_sliced' is not defined
"""

The above exception was the direct cause of the following exception:

Traceback (most recent call last):
  File "/zhome/71/c/146676/main/reconstructor_NA_fbp.py", line 262, in <module>
    pool.map(FBP_batch_recon, range(len(batches)-1))
  File "/zhome/71/c/146676/miniconda3/envs/cil5/lib/python3.10/multiprocessing/pool.py", line 367, in map
    return self._map_async(func, iterable, mapstar, chunksize).get()
  File "/zhome/71/c/146676/miniconda3/envs/cil5/lib/python3.10/multiprocessing/pool.py", line 774, in get
    raise self._value
NameError: name 'data_sliced' is not defined
multiprocessing.pool.RemoteTraceback: 
"""
Traceback (most recent call last):
  File "/zhome/71/c/146676/miniconda3/envs/cil5/lib/python3.10/multiprocessing/pool.py", line 125, in worker
    result = (True, func(*args, **kwds))
  File "/zhome/71/c/146676/miniconda3/envs/cil5/lib/python3.10/multiprocessing/pool.py", line 48, in mapstar
    return list(map(*args))
  File "/zhome/71/c/146676/main/reconstructor_NA_fbp.py", line 257, in FBP_batch_recon
    tifffile.imwrite(paths[j], recon_slice_FBP[j])
IndexError: list index out of range
"""

The above exception was the direct cause of the following exception:

Traceback (most recent call last):
  File "/zhome/71/c/146676/main/reconstructor_NA_fbp.py", line 262, in <module>
    pool.map(FBP_batch_recon, range(len(batches)-1))
  File "/zhome/71/c/146676/miniconda3/envs/cil5/lib/python3.10/multiprocessing/pool.py", line 367, in map
    return self._map_async(func, iterable, mapstar, chunksize).get()
  File "/zhome/71/c/146676/miniconda3/envs/cil5/lib/python3.10/multiprocessing/pool.py", line 774, in get
    raise self._value
IndexError: list index out of range
multiprocessing.pool.RemoteTraceback: 
"""
Traceback (most recent call last):
  File "/zhome/71/c/146676/miniconda3/envs/cil5/lib/python3.10/multiprocessing/pool.py", line 125, in worker
    result = (True, func(*args, **kwds))
  File "/zhome/71/c/146676/miniconda3/envs/cil5/lib/python3.10/multiprocessing/pool.py", line 48, in mapstar
    return list(map(*args))
  File "/zhome/71/c/146676/main/reconstructor_NA_fbp.py", line 263, in FBP_batch_recon
    tifffile.imwrite(paths[j], recon_slice_FBP[j])
IndexError: list index out of range
"""

The above exception was the direct cause of the following exception:

Traceback (most recent call last):
  File "/zhome/71/c/146676/main/reconstructor_NA_fbp.py", line 268, in <module>
    pool.map(FBP_batch_recon, range(len(batches)-1))
  File "/zhome/71/c/146676/miniconda3/envs/cil5/lib/python3.10/multiprocessing/pool.py", line 367, in map
    return self._map_async(func, iterable, mapstar, chunksize).get()
  File "/zhome/71/c/146676/miniconda3/envs/cil5/lib/python3.10/multiprocessing/pool.py", line 774, in get
    raise self._value
IndexError: list index out of range
multiprocessing.pool.RemoteTraceback: 
"""
Traceback (most recent call last):
  File "/zhome/71/c/146676/miniconda3/envs/cil5/lib/python3.10/multiprocessing/pool.py", line 125, in worker
    result = (True, func(*args, **kwds))
  File "/zhome/71/c/146676/miniconda3/envs/cil5/lib/python3.10/multiprocessing/pool.py", line 48, in mapstar
    return list(map(*args))
  File "/zhome/71/c/146676/main/reconstructor_NA_fbp.py", line 260, in FBP_batch_recon
    print(j)
IndexError: list index out of range
"""

The above exception was the direct cause of the following exception:

Traceback (most recent call last):
  File "/zhome/71/c/146676/main/reconstructor_NA_fbp.py", line 265, in <module>
    print(2)
  File "/zhome/71/c/146676/miniconda3/envs/cil5/lib/python3.10/multiprocessing/pool.py", line 367, in map
    return self._map_async(func, iterable, mapstar, chunksize).get()
  File "/zhome/71/c/146676/miniconda3/envs/cil5/lib/python3.10/multiprocessing/pool.py", line 774, in get
    raise self._value
IndexError: list index out of range
ROI for axis vertical has 'stop' out of bounds. Using axis length as stop value. Got stop index: 10000, using 1860
multiprocessing.pool.RemoteTraceback: 
"""
Traceback (most recent call last):
  File "/zhome/71/c/146676/miniconda3/envs/cil5/lib/python3.10/multiprocessing/pool.py", line 125, in worker
    result = (True, func(*args, **kwds))
  File "/zhome/71/c/146676/miniconda3/envs/cil5/lib/python3.10/multiprocessing/pool.py", line 48, in mapstar
    return list(map(*args))
  File "/zhome/71/c/146676/main/reconstructor_NA_fbp.py", line 252, in FBP_batch_recon
    recon_slice_FBP = fbp(data_batch).as_array().astype(np.float32)
  File "/zhome/71/c/146676/miniconda3/envs/cil5/lib/python3.10/site-packages/cil/framework/processors.py", line 170, in __call__
    return self.get_output(out=out)
  File "/zhome/71/c/146676/miniconda3/envs/cil5/lib/python3.10/site-packages/cil/plugins/astra/processors/FBP.py", line 102, in get_output
    return self.processor.get_output(out=out)
  File "/zhome/71/c/146676/miniconda3/envs/cil5/lib/python3.10/site-packages/cil/framework/processors.py", line 119, in get_output
    out = self.process(out=out)
  File "/zhome/71/c/146676/miniconda3/envs/cil5/lib/python3.10/site-packages/cil/plugins/astra/processors/FDK_Flexible.py", line 103, in process
    alg_id = astra.algorithm.create(cfg)
  File "/zhome/71/c/146676/miniconda3/envs/cil5/lib/python3.10/site-packages/astra/algorithm.py", line 36, in create
    return a.create(config)
  File "astra/algorithm_c.pyx", line 68, in astra.algorithm_c.create
Exception: Unable to initialize Algorithm.
"""

The above exception was the direct cause of the following exception:

Traceback (most recent call last):
  File "/zhome/71/c/146676/main/reconstructor_NA_fbp.py", line 267, in <module>
    pool.map(FBP_batch_recon, range(len(batches)-1))
  File "/zhome/71/c/146676/miniconda3/envs/cil5/lib/python3.10/multiprocessing/pool.py", line 367, in map
    return self._map_async(func, iterable, mapstar, chunksize).get()
  File "/zhome/71/c/146676/miniconda3/envs/cil5/lib/python3.10/multiprocessing/pool.py", line 774, in get
    raise self._value
Exception: Unable to initialize Algorithm.
