
------------------------------------------------------------
Sender: LSF System <lsfadmin@hpc.dtu.dk>
Subject: Job 23503379: <Recon> in cluster <dcc> Exited

Job <Recon> was submitted from host <gbarlogin1> by user <msaca> in cluster <dcc> at Fri Jan  3 12:19:14 2025
Job was executed on host(s) <16*n-62-31-24>, in queue <hpc>, as user <msaca> in cluster <dcc> at Fri Jan  3 12:19:15 2025
</zhome/71/c/146676> was used as the home directory.
</zhome/71/c/146676/main> was used as the working directory.
Started at Fri Jan  3 12:19:15 2025
Terminated at Fri Jan  3 12:19:28 2025
Results reported at Fri Jan  3 12:19:28 2025

Your job looked like:

------------------------------------------------------------
# LSBATCH: User input
#!/bin/bash
# embedded options to bsub - start with #BSUB
# -- name ---
#BSUB -J Recon
# -- choose queue --
#BSUB -q hpc
#BSUB -e my_job_error.log
#BSUB -o my_job_output.log
#BSUB -M 2000
#BSUB -R "rusage[mem=2000]"
# -- estimated wall clock time (execution time): hh:mm -- 
#BSUB -W 1:00 
# -- Number of cores requested -- 
#BSUB -n 16
# -- Specify the distribution of the cores: on a separate nodes --
#BSUB -R "span[hosts=1]"

# -- end of LSF options -- 
export NUM_PROCS=$LSB_DJOB_NUMPROC

source /zhome/71/c/146676/miniconda3/bin/activate && conda activate cil5
python reconstructor_NA_fbp.py

------------------------------------------------------------

Exited with exit code 1.

Resource usage summary:

    CPU time :                                   5.02 sec.
    Max Memory :                                 8 MB
    Average Memory :                             8.00 MB
    Total Requested Memory :                     32000.00 MB
    Delta Memory :                               31992.00 MB
    Max Swap :                                   -
    Max Processes :                              6
    Max Threads :                                7
    Run time :                                   107 sec.
    Turnaround time :                            14 sec.

The output (if any) is above this job summary.



PS:

Read file <my_job_error.log> for stderr output of this job.


------------------------------------------------------------
Sender: LSF System <lsfadmin@hpc.dtu.dk>
Subject: Job 23503384: <Recon> in cluster <dcc> Exited

Job <Recon> was submitted from host <gbarlogin1> by user <msaca> in cluster <dcc> at Fri Jan  3 12:26:10 2025
Job was executed on host(s) <16*n-62-31-24>, in queue <hpc>, as user <msaca> in cluster <dcc> at Fri Jan  3 12:26:10 2025
</zhome/71/c/146676> was used as the home directory.
</zhome/71/c/146676/main> was used as the working directory.
Started at Fri Jan  3 12:26:10 2025
Terminated at Fri Jan  3 12:26:21 2025
Results reported at Fri Jan  3 12:26:21 2025

Your job looked like:

------------------------------------------------------------
# LSBATCH: User input
#!/bin/bash
# embedded options to bsub - start with #BSUB
# -- name ---
#BSUB -J Recon
# -- choose queue --
#BSUB -q hpc
#BSUB -e my_job_error.log
#BSUB -o my_job_output.log
#BSUB -M 2000
#BSUB -R "rusage[mem=2000]"
# -- estimated wall clock time (execution time): hh:mm -- 
#BSUB -W 1:00 
# -- Number of cores requested -- 
#BSUB -n 16
# -- Specify the distribution of the cores: on a separate nodes --
#BSUB -R "span[hosts=1]"

# -- end of LSF options -- 
export NUM_PROCS=$LSB_DJOB_NUMPROC

source /zhome/71/c/146676/miniconda3/bin/activate && conda activate cil5
python reconstructor_NA_fbp.py

------------------------------------------------------------

Exited with exit code 1.

Resource usage summary:

    CPU time :                                   4.95 sec.
    Max Memory :                                 -
    Average Memory :                             -
    Total Requested Memory :                     32000.00 MB
    Delta Memory :                               -
    Max Swap :                                   -
    Max Processes :                              -
    Max Threads :                                -
    Run time :                                   53 sec.
    Turnaround time :                            11 sec.

The output (if any) is above this job summary.



PS:

Read file <my_job_error.log> for stderr output of this job.


------------------------------------------------------------
Sender: LSF System <lsfadmin@hpc.dtu.dk>
Subject: Job 23503387: <Recon> in cluster <dcc> Exited

Job <Recon> was submitted from host <gbarlogin1> by user <msaca> in cluster <dcc> at Fri Jan  3 12:33:13 2025
Job was executed on host(s) <16*n-62-31-24>, in queue <hpc>, as user <msaca> in cluster <dcc> at Fri Jan  3 12:33:13 2025
</zhome/71/c/146676> was used as the home directory.
</zhome/71/c/146676/main> was used as the working directory.
Started at Fri Jan  3 12:33:13 2025
Terminated at Fri Jan  3 12:33:22 2025
Results reported at Fri Jan  3 12:33:22 2025

Your job looked like:

------------------------------------------------------------
# LSBATCH: User input
#!/bin/bash
# embedded options to bsub - start with #BSUB
# -- name ---
#BSUB -J Recon
# -- choose queue --
#BSUB -q hpc
#BSUB -e my_job_error.log
#BSUB -o my_job_output.log
#BSUB -M 2000
#BSUB -R "rusage[mem=2000]"
# -- estimated wall clock time (execution time): hh:mm -- 
#BSUB -W 1:00 
# -- Number of cores requested -- 
#BSUB -n 16
# -- Specify the distribution of the cores: on a separate nodes --
#BSUB -R "span[hosts=1]"

# -- end of LSF options -- 
export NUM_PROCS=$LSB_DJOB_NUMPROC

source /zhome/71/c/146676/miniconda3/bin/activate && conda activate cil5
python reconstructor_NA_fbp.py

------------------------------------------------------------

Exited with exit code 1.

Resource usage summary:

    CPU time :                                   4.76 sec.
    Max Memory :                                 1 MB
    Average Memory :                             1.00 MB
    Total Requested Memory :                     32000.00 MB
    Delta Memory :                               31999.00 MB
    Max Swap :                                   -
    Max Processes :                              1
    Max Threads :                                1
    Run time :                                   116 sec.
    Turnaround time :                            9 sec.

The output (if any) is above this job summary.



PS:

Read file <my_job_error.log> for stderr output of this job.


------------------------------------------------------------
Sender: LSF System <lsfadmin@hpc.dtu.dk>
Subject: Job 23503388: <Recon> in cluster <dcc> Exited

Job <Recon> was submitted from host <gbarlogin1> by user <msaca> in cluster <dcc> at Fri Jan  3 12:35:15 2025
Job was executed on host(s) <16*n-62-31-24>, in queue <hpc>, as user <msaca> in cluster <dcc> at Fri Jan  3 12:35:15 2025
</zhome/71/c/146676> was used as the home directory.
</zhome/71/c/146676/main> was used as the working directory.
Started at Fri Jan  3 12:35:15 2025
Terminated at Fri Jan  3 12:35:22 2025
Results reported at Fri Jan  3 12:35:22 2025

Your job looked like:

------------------------------------------------------------
# LSBATCH: User input
#!/bin/bash
# embedded options to bsub - start with #BSUB
# -- name ---
#BSUB -J Recon
# -- choose queue --
#BSUB -q hpc
#BSUB -e my_job_error.log
#BSUB -o my_job_output.log
#BSUB -M 2000
#BSUB -R "rusage[mem=2000]"
# -- estimated wall clock time (execution time): hh:mm -- 
#BSUB -W 1:00 
# -- Number of cores requested -- 
#BSUB -n 16
# -- Specify the distribution of the cores: on a separate nodes --
#BSUB -R "span[hosts=1]"

# -- end of LSF options -- 
export NUM_PROCS=$LSB_DJOB_NUMPROC

source /zhome/71/c/146676/miniconda3/bin/activate && conda activate cil5
python reconstructor_NA_fbp.py

------------------------------------------------------------

Exited with exit code 1.

Resource usage summary:

    CPU time :                                   4.55 sec.
    Max Memory :                                 -
    Average Memory :                             -
    Total Requested Memory :                     32000.00 MB
    Delta Memory :                               -
    Max Swap :                                   -
    Max Processes :                              -
    Max Threads :                                -
    Run time :                                   13 sec.
    Turnaround time :                            7 sec.

The output (if any) is above this job summary.



PS:

Read file <my_job_error.log> for stderr output of this job.

Loading time: 3.31 seconds

------------------------------------------------------------
Sender: LSF System <lsfadmin@hpc.dtu.dk>
Subject: Job 23503437: <Recon> in cluster <dcc> Exited

Job <Recon> was submitted from host <gbarlogin1> by user <msaca> in cluster <dcc> at Fri Jan  3 13:28:11 2025
Job was executed on host(s) <16*n-62-31-23>, in queue <hpc>, as user <msaca> in cluster <dcc> at Fri Jan  3 13:28:12 2025
</zhome/71/c/146676> was used as the home directory.
</zhome/71/c/146676/main> was used as the working directory.
Started at Fri Jan  3 13:28:12 2025
Terminated at Fri Jan  3 13:31:39 2025
Results reported at Fri Jan  3 13:31:39 2025

Your job looked like:

------------------------------------------------------------
# LSBATCH: User input
#!/bin/bash
# embedded options to bsub - start with #BSUB
# -- name ---
#BSUB -J Recon
# -- choose queue --
#BSUB -q hpc
#BSUB -e my_job_error.log
#BSUB -o my_job_output.log
#BSUB -M 2000
#BSUB -R "rusage[mem=2000]"
# -- estimated wall clock time (execution time): hh:mm -- 
#BSUB -W 1:00 
# -- Number of cores requested -- 
#BSUB -n 16
# -- Specify the distribution of the cores: on a separate nodes --
#BSUB -R "span[hosts=1]"

# -- end of LSF options -- 
export NUM_PROCS=$LSB_DJOB_NUMPROC

source /zhome/71/c/146676/miniconda3/bin/activate && conda activate cil5
python reconstructor_NA_fbp.py

------------------------------------------------------------

TERM_OWNER: job killed by owner.
Exited with exit code 130.

Resource usage summary:

    CPU time :                                   2784.62 sec.
    Max Memory :                                 12971 MB
    Average Memory :                             9380.25 MB
    Total Requested Memory :                     32000.00 MB
    Delta Memory :                               19029.00 MB
    Max Swap :                                   -
    Max Processes :                              28
    Max Threads :                                32
    Run time :                                   208 sec.
    Turnaround time :                            208 sec.

The output (if any) is above this job summary.



PS:

Read file <my_job_error.log> for stderr output of this job.

Loading time: 1.81 seconds

------------------------------------------------------------
Sender: LSF System <lsfadmin@hpc.dtu.dk>
Subject: Job 23503447: <Recon> in cluster <dcc> Exited

Job <Recon> was submitted from host <gbarlogin1> by user <msaca> in cluster <dcc> at Fri Jan  3 13:31:55 2025
Job was executed on host(s) <16*n-62-31-23>, in queue <hpc>, as user <msaca> in cluster <dcc> at Fri Jan  3 13:31:56 2025
</zhome/71/c/146676> was used as the home directory.
</zhome/71/c/146676/main> was used as the working directory.
Started at Fri Jan  3 13:31:56 2025
Terminated at Fri Jan  3 13:34:21 2025
Results reported at Fri Jan  3 13:34:21 2025

Your job looked like:

------------------------------------------------------------
# LSBATCH: User input
#!/bin/bash
# embedded options to bsub - start with #BSUB
# -- name ---
#BSUB -J Recon
# -- choose queue --
#BSUB -q hpc
#BSUB -e my_job_error.log
#BSUB -o my_job_output.log
#BSUB -M 2000
#BSUB -R "rusage[mem=2000]"
# -- estimated wall clock time (execution time): hh:mm -- 
#BSUB -W 1:00 
# -- Number of cores requested -- 
#BSUB -n 16
# -- Specify the distribution of the cores: on a separate nodes --
#BSUB -R "span[hosts=1]"

# -- end of LSF options -- 
export NUM_PROCS=$LSB_DJOB_NUMPROC

source /zhome/71/c/146676/miniconda3/bin/activate && conda activate cil5
python reconstructor_NA_fbp.py

------------------------------------------------------------

TERM_OWNER: job killed by owner.
Exited with exit code 143.

Resource usage summary:

    CPU time :                                   1949.00 sec.
    Max Memory :                                 10746 MB
    Average Memory :                             1957.75 MB
    Total Requested Memory :                     32000.00 MB
    Delta Memory :                               21254.00 MB
    Max Swap :                                   -
    Max Processes :                              28
    Max Threads :                                32
    Run time :                                   152 sec.
    Turnaround time :                            146 sec.

The output (if any) is above this job summary.



PS:

Read file <my_job_error.log> for stderr output of this job.

Loading time: 3.77 seconds
Preprocess time: 109.78 seconds

------------------------------------------------------------
Sender: LSF System <lsfadmin@hpc.dtu.dk>
Subject: Job 23503448: <Recon> in cluster <dcc> Exited

Job <Recon> was submitted from host <gbarlogin1> by user <msaca> in cluster <dcc> at Fri Jan  3 13:34:06 2025
Job was executed on host(s) <16*n-62-31-24>, in queue <hpc>, as user <msaca> in cluster <dcc> at Fri Jan  3 13:34:08 2025
</zhome/71/c/146676> was used as the home directory.
</zhome/71/c/146676/main> was used as the working directory.
Started at Fri Jan  3 13:34:08 2025
Terminated at Fri Jan  3 13:36:16 2025
Results reported at Fri Jan  3 13:36:16 2025

Your job looked like:

------------------------------------------------------------
# LSBATCH: User input
#!/bin/bash
# embedded options to bsub - start with #BSUB
# -- name ---
#BSUB -J Recon
# -- choose queue --
#BSUB -q hpc
#BSUB -e my_job_error.log
#BSUB -o my_job_output.log
#BSUB -M 2000
#BSUB -R "rusage[mem=2000]"
# -- estimated wall clock time (execution time): hh:mm -- 
#BSUB -W 1:00 
# -- Number of cores requested -- 
#BSUB -n 16
# -- Specify the distribution of the cores: on a separate nodes --
#BSUB -R "span[hosts=1]"

# -- end of LSF options -- 
export NUM_PROCS=$LSB_DJOB_NUMPROC

source /zhome/71/c/146676/miniconda3/bin/activate && conda activate cil5
python reconstructor_NA_fbp.py

------------------------------------------------------------

Exited with exit code 1.

Resource usage summary:

    CPU time :                                   362.66 sec.
    Max Memory :                                 61 MB
    Average Memory :                             61.00 MB
    Total Requested Memory :                     32000.00 MB
    Delta Memory :                               31939.00 MB
    Max Swap :                                   -
    Max Processes :                              4
    Max Threads :                                5
    Run time :                                   224 sec.
    Turnaround time :                            130 sec.

The output (if any) is above this job summary.



PS:

Read file <my_job_error.log> for stderr output of this job.

