/bin/bash: line 1: ./jobscript_reconstructor_XA.sh: Permission denied

------------------------------------------------------------
Sender: LSF System <lsfadmin@hpc.dtu.dk>
Subject: Job 23793796: <NONAME> in cluster <dcc> Exited

Job <NONAME> was submitted from host <gbarlogin1> by user <msaca> in cluster <dcc> at Sun Jan 19 10:33:03 2025
Job was executed on host(s) <n-62-31-22>, in queue <hpc>, as user <msaca> in cluster <dcc> at Sun Jan 19 10:33:03 2025
</zhome/71/c/146676> was used as the home directory.
</zhome/71/c/146676/main> was used as the working directory.
Started at Sun Jan 19 10:33:03 2025
Terminated at Sun Jan 19 10:33:04 2025
Results reported at Sun Jan 19 10:33:04 2025

Your job looked like:

------------------------------------------------------------
# LSBATCH: User input
jobscript_reconstructor_XA.sh
------------------------------------------------------------

Exited with exit code 126.

Resource usage summary:

    CPU time :                                   0.83 sec.
    Max Memory :                                 -
    Average Memory :                             -
    Total Requested Memory :                     1024.00 MB
    Delta Memory :                               -
    Max Swap :                                   -
    Max Processes :                              -
    Max Threads :                                -
    Run time :                                   45 sec.
    Turnaround time :                            1 sec.

The output (if any) is above this job summary.

