/bin/bash: line 1: segmentation/jobscript_s2.sh: Permission denied

------------------------------------------------------------
Sender: LSF System <lsfadmin@hpc.dtu.dk>
Subject: Job 24231165: <NONAME> in cluster <dcc> Exited

Job <NONAME> was submitted from host <gbarlogin1> by user <msaca> in cluster <dcc> at Fri Feb 28 11:05:31 2025
Job was executed on host(s) <n-62-31-3>, in queue <hpc>, as user <msaca> in cluster <dcc> at Fri Feb 28 11:05:33 2025
</zhome/71/c/146676> was used as the home directory.
</zhome/71/c/146676/main> was used as the working directory.
Started at Fri Feb 28 11:05:33 2025
Terminated at Fri Feb 28 11:05:36 2025
Results reported at Fri Feb 28 11:05:36 2025

Your job looked like:

------------------------------------------------------------
# LSBATCH: User input
segmentation/jobscript_s2.sh
------------------------------------------------------------

Exited with exit code 126.

Resource usage summary:

    CPU time :                                   1.06 sec.
    Max Memory :                                 -
    Average Memory :                             -
    Total Requested Memory :                     1024.00 MB
    Delta Memory :                               -
    Max Swap :                                   -
    Max Processes :                              -
    Max Threads :                                -
    Run time :                                   25 sec.
    Turnaround time :                            5 sec.

The output (if any) is above this job summary.

