/bin/bash: line 1: reconstructor_DA_2d.py: command not found

------------------------------------------------------------
Sender: LSF System <lsfadmin@hpc.dtu.dk>
Subject: Job 24466453: <NONAME> in cluster <dcc> Exited

Job <NONAME> was submitted from host <gbarlogin1> by user <msaca> in cluster <dcc> at Wed Mar 19 10:51:33 2025
Job was executed on host(s) <n-62-31-4>, in queue <hpc>, as user <msaca> in cluster <dcc> at Wed Mar 19 10:51:34 2025
</zhome/71/c/146676> was used as the home directory.
</zhome/71/c/146676/main/reconstruction> was used as the working directory.
Started at Wed Mar 19 10:51:34 2025
Terminated at Wed Mar 19 10:51:36 2025
Results reported at Wed Mar 19 10:51:36 2025

Your job looked like:

------------------------------------------------------------
# LSBATCH: User input
reconstructor_DA_2d.py
------------------------------------------------------------

Exited with exit code 127.

Resource usage summary:

    CPU time :                                   0.81 sec.
    Max Memory :                                 -
    Average Memory :                             -
    Total Requested Memory :                     1024.00 MB
    Delta Memory :                               -
    Max Swap :                                   -
    Max Processes :                              -
    Max Threads :                                -
    Run time :                                   2 sec.
    Turnaround time :                            3 sec.

The output (if any) is above this job summary.

