
------------------------------------------------------------
Sender: LSF System <lsfadmin@hpc.dtu.dk>
Subject: Job 24462230: <dfrctn_prep> in cluster <dcc> Exited

Job <dfrctn_prep> was submitted from host <n-62-20-9> by user <msaca> in cluster <dcc> at Tue Mar 18 16:53:13 2025
Job was executed on host(s) <16*n-62-11-57>, in queue <hpc>, as user <msaca> in cluster <dcc> at Tue Mar 18 16:53:13 2025
</zhome/71/c/146676> was used as the home directory.
</zhome/71/c/146676/main/reconstruction> was used as the working directory.
Started at Tue Mar 18 16:53:13 2025
Terminated at Tue Mar 18 16:53:42 2025
Results reported at Tue Mar 18 16:53:42 2025

Your job looked like:

------------------------------------------------------------
# LSBATCH: User input
#!/bin/bash
# embedded options to bsub - start with #BSUB
# -- name ---
#BSUB -J Recon
# -- choose queue --
# For gpu write gpuv100, gpua100, gpua10, gpua40. Check availability by bqueues -l gpua100, eg
#BSUB -q hpc
#       #BSUB -gpu "num=1"
#BSUB -e error.log
#BSUB -o output.log
#BSUB -M 4000
#BSUB -R "rusage[mem=4000]"
# -- estimated wall clock time (execution time): hh:mm -- 
#BSUB -W 15:00 
# -- Number of cores requested -- 
#BSUB -n 16
# -- Specify the distribution of the cores: on a separate nodes --
#BSUB -R "span[hosts=1]"
# Array job: N tasks, one per folder
#BSUB -J dfrctn_prep
# -- end of LSF options -- 

source /zhome/71/c/146676/miniconda3/bin/activate && conda activate cil5

python reconstructor_DA_2d.py


------------------------------------------------------------

Exited with exit code 1.

Resource usage summary:

    CPU time :                                   5.69 sec.
    Max Memory :                                 70 MB
    Average Memory :                             70.00 MB
    Total Requested Memory :                     64000.00 MB
    Delta Memory :                               63930.00 MB
    Max Swap :                                   -
    Max Processes :                              4
    Max Threads :                                5
    Run time :                                   43 sec.
    Turnaround time :                            29 sec.

The output (if any) is above this job summary.



PS:

Read file <error.log> for stderr output of this job.


------------------------------------------------------------
Sender: LSF System <lsfadmin@hpc.dtu.dk>
Subject: Job 24462239: <dfrctn_prep> in cluster <dcc> Done

Job <dfrctn_prep> was submitted from host <n-62-20-9> by user <msaca> in cluster <dcc> at Tue Mar 18 16:54:48 2025
Job was executed on host(s) <16*n-62-21-17>, in queue <hpc>, as user <msaca> in cluster <dcc> at Tue Mar 18 16:54:48 2025
</zhome/71/c/146676> was used as the home directory.
</zhome/71/c/146676/main/reconstruction> was used as the working directory.
Started at Tue Mar 18 16:54:48 2025
Terminated at Tue Mar 18 16:55:18 2025
Results reported at Tue Mar 18 16:55:18 2025

Your job looked like:

------------------------------------------------------------
# LSBATCH: User input
#!/bin/bash
# embedded options to bsub - start with #BSUB
# -- name ---
#BSUB -J Recon
# -- choose queue --
# For gpu write gpuv100, gpua100, gpua10, gpua40. Check availability by bqueues -l gpua100, eg
#BSUB -q hpc
#       #BSUB -gpu "num=1"
#BSUB -e error.log
#BSUB -o output.log
#BSUB -M 4000
#BSUB -R "rusage[mem=4000]"
# -- estimated wall clock time (execution time): hh:mm -- 
#BSUB -W 15:00 
# -- Number of cores requested -- 
#BSUB -n 16
# -- Specify the distribution of the cores: on a separate nodes --
#BSUB -R "span[hosts=1]"
# Array job: N tasks, one per folder
#BSUB -J dfrctn_prep
# -- end of LSF options -- 

source /zhome/71/c/146676/miniconda3/bin/activate && conda activate cil5

python reconstructor_DA_2d.py


------------------------------------------------------------

Successfully completed.

Resource usage summary:

    CPU time :                                   46.54 sec.
    Max Memory :                                 164 MB
    Average Memory :                             164.00 MB
    Total Requested Memory :                     64000.00 MB
    Delta Memory :                               63836.00 MB
    Max Swap :                                   -
    Max Processes :                              4
    Max Threads :                                5
    Run time :                                   30 sec.
    Turnaround time :                            30 sec.

The output (if any) is above this job summary.



PS:

Read file <error.log> for stderr output of this job.


------------------------------------------------------------
Sender: LSF System <lsfadmin@hpc.dtu.dk>
Subject: Job 24462244: <dfrctn_prep> in cluster <dcc> Done

Job <dfrctn_prep> was submitted from host <n-62-20-9> by user <msaca> in cluster <dcc> at Tue Mar 18 16:56:28 2025
Job was executed on host(s) <16*n-62-21-17>, in queue <hpc>, as user <msaca> in cluster <dcc> at Tue Mar 18 16:56:28 2025
</zhome/71/c/146676> was used as the home directory.
</zhome/71/c/146676/main/reconstruction> was used as the working directory.
Started at Tue Mar 18 16:56:28 2025
Terminated at Tue Mar 18 17:03:51 2025
Results reported at Tue Mar 18 17:03:51 2025

Your job looked like:

------------------------------------------------------------
# LSBATCH: User input
#!/bin/bash
# embedded options to bsub - start with #BSUB
# -- name ---
#BSUB -J Recon
# -- choose queue --
# For gpu write gpuv100, gpua100, gpua10, gpua40. Check availability by bqueues -l gpua100, eg
#BSUB -q hpc
#       #BSUB -gpu "num=1"
#BSUB -e error.log
#BSUB -o output.log
#BSUB -M 1000
#BSUB -R "rusage[mem=1000]"
# -- estimated wall clock time (execution time): hh:mm -- 
#BSUB -W 15:00 
# -- Number of cores requested -- 
#BSUB -n 16
# -- Specify the distribution of the cores: on a separate nodes --
#BSUB -R "span[hosts=1]"
# Array job: N tasks, one per folder
#BSUB -J dfrctn_prep
# -- end of LSF options -- 

source /zhome/71/c/146676/miniconda3/bin/activate && conda activate cil5

python reconstructor_DA_2d.py


------------------------------------------------------------

Successfully completed.

Resource usage summary:

    CPU time :                                   2913.08 sec.
    Max Memory :                                 2551 MB
    Average Memory :                             2352.40 MB
    Total Requested Memory :                     16000.00 MB
    Delta Memory :                               13449.00 MB
    Max Swap :                                   -
    Max Processes :                              28
    Max Threads :                                392
    Run time :                                   443 sec.
    Turnaround time :                            443 sec.

The output (if any) is above this job summary.



PS:

Read file <error.log> for stderr output of this job.


------------------------------------------------------------
Sender: LSF System <lsfadmin@hpc.dtu.dk>
Subject: Job 24462341: <dfrctn_prep> in cluster <dcc> Done

Job <dfrctn_prep> was submitted from host <gbarlogin1> by user <msaca> in cluster <dcc> at Tue Mar 18 17:18:49 2025
Job was executed on host(s) <16*n-62-31-3>, in queue <hpc>, as user <msaca> in cluster <dcc> at Tue Mar 18 17:18:50 2025
</zhome/71/c/146676> was used as the home directory.
</zhome/71/c/146676/main/reconstruction> was used as the working directory.
Started at Tue Mar 18 17:18:50 2025
Terminated at Tue Mar 18 17:22:50 2025
Results reported at Tue Mar 18 17:22:50 2025

Your job looked like:

------------------------------------------------------------
# LSBATCH: User input
#!/bin/bash
# embedded options to bsub - start with #BSUB
# -- name ---
#BSUB -J Recon
# -- choose queue --
# For gpu write gpuv100, gpua100, gpua10, gpua40. Check availability by bqueues -l gpua100, eg
#BSUB -q hpc
#       #BSUB -gpu "num=1"
#BSUB -e error.log
#BSUB -o output.log
#BSUB -M 1000
#BSUB -R "rusage[mem=1000]"
# -- estimated wall clock time (execution time): hh:mm -- 
#BSUB -W 15:00 
# -- Number of cores requested -- 
#BSUB -n 16
# -- Specify the distribution of the cores: on a separate nodes --
#BSUB -R "span[hosts=1]"
# Array job: N tasks, one per folder
#BSUB -J dfrctn_prep
# -- end of LSF options -- 

source /zhome/71/c/146676/miniconda3/bin/activate && conda activate cil5

python reconstructor_DA_2d.py


------------------------------------------------------------

Successfully completed.

Resource usage summary:

    CPU time :                                   3177.06 sec.
    Max Memory :                                 2723 MB
    Average Memory :                             2571.75 MB
    Total Requested Memory :                     16000.00 MB
    Delta Memory :                               13277.00 MB
    Max Swap :                                   -
    Max Processes :                              28
    Max Threads :                                392
    Run time :                                   315 sec.
    Turnaround time :                            241 sec.

The output (if any) is above this job summary.



PS:

Read file <error.log> for stderr output of this job.

