Traceback (most recent call last):
  File "<string>", line 1, in <module>
  File "/zhome/71/c/146676/main/segmentation/s3_watershed_eds.py", line 105
    for i in range(nc)
                      ^
SyntaxError: expected ':'
Traceback (most recent call last):
  File "<string>", line 1, in <module>
  File "/zhome/71/c/146676/main/segmentation/s3_watershed_eds.py", line 106
    image = 
            ^
SyntaxError: invalid syntax
Traceback (most recent call last):
  File "<string>", line 1, in <module>
  File "/zhome/71/c/146676/main/segmentation/s3_watershed_eds.py", line 70, in place_mean_in_watersheds
    nc, ny, nx = np.shape(image_s)
NameError: name 'image_s' is not defined. Did you mean: 'Image'?
Traceback (most recent call last):
  File "<string>", line 1, in <module>
  File "/zhome/71/c/146676/main/segmentation/s3_watershed_eds.py", line 90, in place_mean_in_watersheds
    weights = np.ones(len(names))
NameError: name 'names' is not defined
Traceback (most recent call last):
  File "<string>", line 1, in <module>
  File "/zhome/71/c/146676/main/segmentation/s3_watershed_eds.py", line 93, in place_mean_in_watersheds
    edges_= sitk.GetImageFromArray(edges_subset)
NameError: name 'edges_subset' is not defined
Traceback (most recent call last):
  File "<string>", line 1, in <module>
  File "/zhome/71/c/146676/main/segmentation/s3_watershed_eds.py", line 91, in place_mean_in_watersheds
    edges = xi_vector_field(data_diffused,eta,weights)
  File "/zhome/71/c/146676/main/segmentation/s3_watershed_eds.py", line 81, in xi_vector_field
    denominator_ = np.sqrt(eta**2 + numerator_.get_item(0)**2 + numerator_.get_item(1)**2)
  File "/zhome/71/c/146676/miniconda3/envs/cil5/lib/python3.10/site-packages/cil/framework/data_container.py", line 303, in __pow__
    return self.power(other)
  File "/zhome/71/c/146676/miniconda3/envs/cil5/lib/python3.10/site-packages/cil/framework/data_container.py", line 483, in power
    return self.pixel_wise_binary(numpy.power, other, *args, **kwargs)
  File "/zhome/71/c/146676/miniconda3/envs/cil5/lib/python3.10/site-packages/cil/framework/data_container.py", line 410, in pixel_wise_binary
    out = pwop(self.as_array() , x2 , *args, **kwargs )
KeyboardInterrupt
/zhome/71/c/146676/.lsbatch/1740391871.24178056.shell: line 25: 1713785 Killed                  python -c "from s3_watershed_eds import place_mean_in_watersheds; place_mean_in_watersheds()"
Traceback (most recent call last):
  File "<string>", line 1, in <module>
  File "/zhome/71/c/146676/main/segmentation/s3_watershed_eds.py", line 121, in place_mean_in_watersheds
    np.save('/dtu-compute/msaca/cache/eds_watershedded.npy', np.stack(filtered).astype(np.float32))
NameError: name 'filtered' is not defined. Did you mean: 'filter'?
Traceback (most recent call last):
  File "<string>", line 1, in <module>
  File "/zhome/71/c/146676/main/segmentation/s3_watershed_eds.py", line 65, in run_diffusion
    images_d = load_eds()
  File "/zhome/71/c/146676/main/segmentation/s3_watershed_eds.py", line 48, in load_eds
    images.append(tifffile.imread(path + names[i]))
  File "/zhome/71/c/146676/miniconda3/envs/cil5/lib/python3.10/site-packages/tifffile/tifffile.py", line 1281, in imread
    return tif.asarray(
  File "/zhome/71/c/146676/miniconda3/envs/cil5/lib/python3.10/site-packages/tifffile/tifffile.py", line 4570, in asarray
    result = self.filehandle.read_array(
  File "/zhome/71/c/146676/miniconda3/envs/cil5/lib/python3.10/site-packages/tifffile/tifffile.py", line 15018, in read_array
    n = self._fh.readinto(result)  # type: ignore[attr-defined]
KeyboardInterrupt
python: can't open file '/zhome/71/c/146676/main/segmentation/s4_threshold_finder.py': [Errno 2] No such file or directory
  File "/zhome/71/c/146676/main/segmentation/s4_threshold_finder.py", line 271
    fig2.savefig('plots/output_' + element '_' + str(round(narrowness,1)) + '.png', dpi = 200)
                 ^^^^^^^^^^^^^^^^^^^^^^^^^^^^^^^^^^^^^^^^^^^^^^^^^^^^^^^^^^^^^^^^^
SyntaxError: invalid syntax. Perhaps you forgot a comma?
multiprocessing.pool.RemoteTraceback: 
"""
Traceback (most recent call last):
  File "/zhome/71/c/146676/miniconda3/envs/cil5/lib/python3.10/multiprocessing/pool.py", line 125, in worker
    result = (True, func(*args, **kwds))
  File "/zhome/71/c/146676/miniconda3/envs/cil5/lib/python3.10/multiprocessing/pool.py", line 48, in mapstar
    return list(map(*args))
  File "/zhome/71/c/146676/main/segmentation/s4_threshold_finder.py", line 244, in analyze_element_segmentation
    fig, fig2= plot_segmentations(background[200:-500,200:-300], ground_truth_seg, test_seg = test_seg, class_labels = class_labels)
  File "/zhome/71/c/146676/main/segmentation/s4_threshold_finder.py", line 114, in plot_segmentations
    y_pos = (bounds[i] + bounds[i + 1]-1) / 2  # Center text at each color
IndexError: index 2 is out of bounds for axis 0 with size 2
"""

The above exception was the direct cause of the following exception:

Traceback (most recent call last):
  File "/zhome/71/c/146676/main/segmentation/s4_threshold_finder.py", line 275, in <module>
    pool.map(analyze_element_segmentation, element_array)
  File "/zhome/71/c/146676/miniconda3/envs/cil5/lib/python3.10/multiprocessing/pool.py", line 367, in map
    return self._map_async(func, iterable, mapstar, chunksize).get()
  File "/zhome/71/c/146676/miniconda3/envs/cil5/lib/python3.10/multiprocessing/pool.py", line 774, in get
    raise self._value
IndexError: index 2 is out of bounds for axis 0 with size 2
multiprocessing.pool.RemoteTraceback: 
"""
Traceback (most recent call last):
  File "/zhome/71/c/146676/miniconda3/envs/cil5/lib/python3.10/multiprocessing/pool.py", line 125, in worker
    result = (True, func(*args, **kwds))
  File "/zhome/71/c/146676/miniconda3/envs/cil5/lib/python3.10/multiprocessing/pool.py", line 48, in mapstar
    return list(map(*args))
  File "/zhome/71/c/146676/main/segmentation/s4_threshold_finder.py", line 245, in analyze_element_segmentation
    fig, fig2= plot_segmentations(background[200:-500,200:-300], ground_truth_seg, test_seg = test_seg, class_labels = class_labels)
  File "/zhome/71/c/146676/main/segmentation/s4_threshold_finder.py", line 114, in plot_segmentations
    y_pos = (bounds[i] + bounds[i + 1]-1) / 2  # Center text at each color
IndexError: index 3 is out of bounds for axis 0 with size 3
"""

The above exception was the direct cause of the following exception:

Traceback (most recent call last):
  File "/zhome/71/c/146676/main/segmentation/s4_threshold_finder.py", line 276, in <module>
    with Pool() as pool:
  File "/zhome/71/c/146676/miniconda3/envs/cil5/lib/python3.10/multiprocessing/pool.py", line 367, in map
    return self._map_async(func, iterable, mapstar, chunksize).get()
  File "/zhome/71/c/146676/miniconda3/envs/cil5/lib/python3.10/multiprocessing/pool.py", line 774, in get
    raise self._value
IndexError: index 3 is out of bounds for axis 0 with size 3
