Loading xray data
Loading neutron data

------------------------------------------------------------
Sender: LSF System <lsfadmin@hpc.dtu.dk>
Subject: Job 24567430: <Recon> in cluster <dcc> Exited

Job <Recon> was submitted from host <n-62-11-20> by user <msaca> in cluster <dcc> at Thu Apr  3 15:44:38 2025
Job was executed on host(s) <8*n-62-31-15>, in queue <hpc>, as user <msaca> in cluster <dcc> at Thu Apr  3 15:44:40 2025
</zhome/71/c/146676> was used as the home directory.
</zhome/71/c/146676/main/visualizations> was used as the working directory.
Started at Thu Apr  3 15:44:40 2025
Terminated at Thu Apr  3 15:48:12 2025
Results reported at Thu Apr  3 15:48:12 2025

Your job looked like:

------------------------------------------------------------
# LSBATCH: User input
#!/bin/bash
# embedded options to bsub - start with #BSUB
# -- name ---
#BSUB -J Recon
# -- choose queue --
# For gpu write gpuv100
# #BSUB -q gpuv100
#BSUB -q hpc
#BSUB -e my_job_error.log
#BSUB -o my_job_output.log
#BSUB -M 20000
#BSUB -R "rusage[mem=20000]"
# -- estimated wall clock time (execution time): hh:mm -- 
#BSUB -W 4:00 
# -- Number of cores requested -- 
#BSUB -n 8
# -- Specify the distribution of the cores: on a separate nodes --
#BSUB -R "span[hosts=1]" 


source /zhome/71/c/146676/miniconda3/bin/activate && conda activate cil5

python v2_script.py
#module load VirtualGL
#vglrun vtk_example.py




------------------------------------------------------------

TERM_MEMLIMIT: job killed after reaching LSF memory usage limit.
Exited with exit code 137.

Resource usage summary:

    CPU time :                                   321.35 sec.
    Max Memory :                                 160000 MB
    Average Memory :                             106667.00 MB
    Total Requested Memory :                     160000.00 MB
    Delta Memory :                               0.00 MB
    Max Swap :                                   -
    Max Processes :                              28
    Max Threads :                                32
    Run time :                                   251 sec.
    Turnaround time :                            214 sec.

The output (if any) is above this job summary.



PS:

Read file <my_job_error.log> for stderr output of this job.

Loading xray data
Loading neutron data
Resampling the transformation
Resampling moving image

------------------------------------------------------------
Sender: LSF System <lsfadmin@hpc.dtu.dk>
Subject: Job 24567559: <Recon> in cluster <dcc> Done

Job <Recon> was submitted from host <n-62-11-20> by user <msaca> in cluster <dcc> at Thu Apr  3 15:54:03 2025
Job was executed on host(s) <8*n-62-31-14>, in queue <hpc>, as user <msaca> in cluster <dcc> at Thu Apr  3 15:54:04 2025
</zhome/71/c/146676> was used as the home directory.
</zhome/71/c/146676/main/visualizations> was used as the working directory.
Started at Thu Apr  3 15:54:04 2025
Terminated at Thu Apr  3 15:58:09 2025
Results reported at Thu Apr  3 15:58:09 2025

Your job looked like:

------------------------------------------------------------
# LSBATCH: User input
#!/bin/bash
# embedded options to bsub - start with #BSUB
# -- name ---
#BSUB -J Recon
# -- choose queue --
# For gpu write gpuv100
# #BSUB -q gpuv100
#BSUB -q hpc
#BSUB -e my_job_error.log
#BSUB -o my_job_output.log
#BSUB -M 40000
#BSUB -R "rusage[mem=40000]"
# -- estimated wall clock time (execution time): hh:mm -- 
#BSUB -W 4:00 
# -- Number of cores requested -- 
#BSUB -n 8
# -- Specify the distribution of the cores: on a separate nodes --
#BSUB -R "span[hosts=1]" 


source /zhome/71/c/146676/miniconda3/bin/activate && conda activate cil5

python v2_script.py
#module load VirtualGL
#vglrun vtk_example.py




------------------------------------------------------------

Successfully completed.

Resource usage summary:

    CPU time :                                   421.35 sec.
    Max Memory :                                 130143 MB
    Average Memory :                             87422.75 MB
    Total Requested Memory :                     320000.00 MB
    Delta Memory :                               189857.00 MB
    Max Swap :                                   -
    Max Processes :                              28
    Max Threads :                                32
    Run time :                                   249 sec.
    Turnaround time :                            246 sec.

The output (if any) is above this job summary.



PS:

Read file <my_job_error.log> for stderr output of this job.

