multiprocessing.pool.RemoteTraceback: 
"""
Traceback (most recent call last):
  File "/zhome/71/c/146676/miniconda3/envs/cil5/lib/python3.10/multiprocessing/pool.py", line 125, in worker
    result = (True, func(*args, **kwds))
  File "/zhome/71/c/146676/miniconda3/envs/cil5/lib/python3.10/multiprocessing/pool.py", line 48, in mapstar
    return list(map(*args))
  File "/zhome/71/c/146676/main/segmentation/s5_threshold_with_predetermined_EDS.py", line 90, in analyze_element_segmentation
    eds_threshold_array = eds_threshold_arrays[element]
KeyError: 'Ti'
"""

The above exception was the direct cause of the following exception:

Traceback (most recent call last):
  File "/zhome/71/c/146676/main/segmentation/s5_threshold_with_predetermined_EDS.py", line 295, in <module>
    pool.map(analyze_element_segmentation, element_array)
  File "/zhome/71/c/146676/miniconda3/envs/cil5/lib/python3.10/multiprocessing/pool.py", line 367, in map
    return self._map_async(func, iterable, mapstar, chunksize).get()
  File "/zhome/71/c/146676/miniconda3/envs/cil5/lib/python3.10/multiprocessing/pool.py", line 774, in get
    raise self._value
KeyError: 'Ti'
multiprocessing.pool.RemoteTraceback: 
"""
Traceback (most recent call last):
  File "/zhome/71/c/146676/miniconda3/envs/cil5/lib/python3.10/multiprocessing/pool.py", line 125, in worker
    result = (True, func(*args, **kwds))
  File "/zhome/71/c/146676/miniconda3/envs/cil5/lib/python3.10/multiprocessing/pool.py", line 48, in mapstar
    return list(map(*args))
  File "/zhome/71/c/146676/main/segmentation/s5_threshold_with_predetermined_EDS.py", line 91, in analyze_element_segmentation
    eds_threshold_array = eds_threshold_arrays[element]
KeyError: 'Cl'
"""

The above exception was the direct cause of the following exception:

Traceback (most recent call last):
  File "/zhome/71/c/146676/main/segmentation/s5_threshold_with_predetermined_EDS.py", line 296, in <module>
    pool.map(analyze_element_segmentation, element_array)
  File "/zhome/71/c/146676/miniconda3/envs/cil5/lib/python3.10/multiprocessing/pool.py", line 367, in map
    return self._map_async(func, iterable, mapstar, chunksize).get()
  File "/zhome/71/c/146676/miniconda3/envs/cil5/lib/python3.10/multiprocessing/pool.py", line 774, in get
    raise self._value
KeyError: 'Cl'
multiprocessing.pool.RemoteTraceback: 
"""
Traceback (most recent call last):
  File "/zhome/71/c/146676/miniconda3/envs/cil5/lib/python3.10/multiprocessing/pool.py", line 125, in worker
    result = (True, func(*args, **kwds))
  File "/zhome/71/c/146676/miniconda3/envs/cil5/lib/python3.10/multiprocessing/pool.py", line 48, in mapstar
    return list(map(*args))
  File "/zhome/71/c/146676/main/segmentation/s5_threshold_with_predetermined_EDS.py", line 243, in analyze_element_segmentation
    result = differential_evolution(
  File "/zhome/71/c/146676/miniconda3/envs/cil5/lib/python3.10/site-packages/scipy/optimize/_differentialevolution.py", line 503, in differential_evolution
    ret = solver.solve()
  File "/zhome/71/c/146676/miniconda3/envs/cil5/lib/python3.10/site-packages/scipy/optimize/_differentialevolution.py", line 1159, in solve
    self._calculate_population_energies(
  File "/zhome/71/c/146676/miniconda3/envs/cil5/lib/python3.10/site-packages/scipy/optimize/_differentialevolution.py", line 1319, in _calculate_population_energies
    calc_energies = list(
  File "/zhome/71/c/146676/miniconda3/envs/cil5/lib/python3.10/site-packages/scipy/_lib/_util.py", line 441, in __call__
    return self.f(x, *self.args)
  File "/zhome/71/c/146676/main/segmentation/s5_threshold_with_predetermined_EDS.py", line 234, in loss_function
    segm_x = create_segmentation_x(i_x, t_x, 0, mask)
NameError: name 't_x' is not defined. Did you mean: 'i_x'?
"""

The above exception was the direct cause of the following exception:

Traceback (most recent call last):
  File "/zhome/71/c/146676/main/segmentation/s5_threshold_with_predetermined_EDS.py", line 296, in <module>
    pool.map(analyze_element_segmentation, element_array)
  File "/zhome/71/c/146676/miniconda3/envs/cil5/lib/python3.10/multiprocessing/pool.py", line 367, in map
    return self._map_async(func, iterable, mapstar, chunksize).get()
  File "/zhome/71/c/146676/miniconda3/envs/cil5/lib/python3.10/multiprocessing/pool.py", line 774, in get
    raise self._value
NameError: name 't_x' is not defined
